<!DOCTYPE html>
<html lang="ru">

<head>
    <meta charset="utf-8">
    <title>Golden</title>
    <link rel="stylesheet" href="styles.css">
</head>

<body>

<header class="header">

    <div class="overlay"></div>

    <div class="header-content">

        <nav class="nav clearfix">
            <p class="logo"><a href="#">Golden</a></p>

            <div class="menu">
                <ul>
                    <li><a href="#">Home</a></li>
                    <li><a href="#services">Services</a></li>
                    <li><a href="#portfolio">Portfolio</a></li>
                    <li><a href="#about">About</a></li>
                    <li><a href="#contact">Contact</a></li>
                </ul>
            </div>

        </nav>

        <section class="header-main-content">
            <p class="welcome">Welcome To Our Studio!</p>
            <h1 class="main-welcome">Itâ€™s nice to Meet you</h1>
            <button class="button">Tell Me More</button>
        </section>

    </div>

</header>

<main>

    <div class="services" id="services">

        <div class="services-content">

            <h3 class="title">Services</h3>
            <p class="title-discr">Proin iaculis purus consequat sem cure.</p>

            <div class="service-types">
                <div class="e-commerce">
                    <div style="width: 72px; height: 72px; background-color: #fed136; display: inline-block; border-radius: 50%;"></div>
                    <h4>E-commerce</h4>
                    <p class="service-types-discr">Proin iaculis purus consequat sem cure
                        digni ssim. Donec porttitora entum suscipit aenean rhoncus posuere odio in tincidunt.</p>
                </div>

                <div class="responsive-web">
                    <div style="width: 72px; height: 72px; background-color: #fed136; display: inline-block; border-radius: 50%;"></div>
                    <h4>Responsive-Web</h4>
                    <p class="service-types-discr">Proin iaculis purus consequat sem cure
                        digni ssim. Donec porttitora entum suscipit aenean rhoncus posuere odio in tincidunt.</p>
                </div>

                <div class="web-security">
                    <div style="width: 72px; height: 72px; background-color: #fed136; display: inline-block; border-radius: 50%;"></div>
                    <h4>Web-Security</h4>
                    <p class="service-types-discr">Proin iaculis purus consequat sem cure
                        digni ssim. Donec porttitora entum suscipit aenean rhoncus posuere odio in tincidunt.</p>
                </div>
            </div>

        </div>

    </div>

    <div class="our-portfolio">
        <div class="our-portfolio-content">

            <h3 class="title">Our Portfolio</h3>
            <p class="title-discr">Proin iaculis purus consequat sem cure.</p>

            <div class="projects">
                <div class="project">
                    <div style="width: 290px; height: 300px; background-color: #dedede; display: inline-block"></div>
                    <h4 class="project-name">Ebony & Ivory</h4>
                    <p class="project-discr">Branding</p>
                </div>

                <div class="project">
                    <div style="width: 290px; height: 300px; background-color: #dedede; display: inline-block"></div>
                    <h4 class="project-name">Smart Stationary</h4>
                    <p class="project-discr">Print Design</p>
                </div>

                <div class="project">
                    <div style="width: 290px; height: 300px; background-color: #dedede; display: inline-block"></div>
                    <h4 class="project-name">Clever Poster</h4>
                    <p class="project-discr">Print Design</p>
                </div>

                <div class="project">
                    <div style="width: 290px; height: 300px; background-color: #dedede; display: inline-block"></div>
                    <h4 class="project-name">Vinyl Record</h4>
                    <p class="project-discr">Product Mock-Up</p>
                </div>

                <div class="project">
                    <div style="width: 290px; height: 300px; background-color: #dedede; display: inline-block"></div>
                    <h4 class="project-name">Treehouse Template</h4>
                    <p class="project-discr">Web Design</p>
                </div>

                <div class="project">
                    <div style="width: 290px; height: 300px; background-color: #dedede; display: inline-block"></div>
                    <h4 class="project-name">Burned Logo</h4>
                    <p class="project-discr">Branding</p>
                </div>

            </div>

        </div>
    </div>

    <div class="about-us">
        <div class="about-us-content">
            <h3 class="title">About Us</h3>
            <p class="title-discr">Proin iaculis purus consequat sem cure.</p>

            <div class="step">
                <div class="step-img"></div>
                <div class="step-discr-left">
                    <h4 class="step-title">July 2010<span>Our Humble Beginnings</span></h4>
                    <p class="step-discr">Proin iaculis purus consequat sem cure digni ssim. Donec porttitora entum suscipit aenean rhoncus posuere odio in tincidunt. Proin iaculis purus consequat sem cure digni ssim. Donec porttitora entum suscipit.</p>
                </div>
            </div>

            <div class="separator"></div>

            <div class="step">
                <div class="step-img"></div>
                <div class="step-discr-right">
                    <h4 class="step-title">January 2011<span>Facing Startup Battles</span></h4>
                    <p class="step-discr">Proin iaculis purus consequat sem cure digni ssim. Donec porttitora entum suscipit aenean rhoncus posuere odio in tincidunt. Proin iaculis purus consequat sem cure digni ssim. Donec porttitora entum suscipit aenean rhoncus posuere odio in tincidunt.</p>
                </div>
            </div>

            <div class="separator"></div>

            <div class="step">
                <div class="step-img"></div>
                <div class="step-discr-left">
                    <h4 class="step-title">December 2012<span>Enter The Dark Days</span></h4>
                    <p class="step-discr">Proin iaculis purus consequat sem cure digni ssim. Donec porttitora entum suscipit aenean rhoncus posuere odio in tincidunt. Proin iaculis purus consequat sem cure digni.</p>
                </div>
            </div>

            <div class="separator"></div>

            <div class="step">
                <div class="step-img"></div>
                <div class="step-discr-right">
                    <h4 class="step-title">february 2014<span>Our triumph</span></h4>
                    <p class="step-discr">Proin iaculis purus consequat sem cure digni ssim. Donec porttitora entum suscipit aenean rhoncus posuere odio in tincidunt. Proin iaculis purus consequat sem cure digni ssim. Donec porttitora entum suscipit aenean.</p>
                </div>
            </div>

            <div class="separator"></div>

            <div class="step">
                <div class="our-story"><span>OUR</span><span>stoRy</span><span>ContInues</span>...<span></span></div>
            </div>



        </div>
    </div>

    <div class="our-team">
        <div class="our-team-content">

            <h3 class="title">Our amazing team</h3>
            <p class="title-discr">Proin iaculis purus consequat sem cure.</p>

            <div class="team-member">
                <div class="member-img"></div>
                <h2 class="member-name">Kimberly Thompson</h2>
                <p class="member-discr">Marketer</p>
                <div class="member-soc">
                    <div class="soc-img"></div>
                    <div class="soc-img"></div>
                    <div class="soc-img"></div>
                </div>
            </div>

            <div class="team-member">
                <div class="member-img"></div>
                <h2 class="member-name">Rico Massimo</h2>
                <p class="member-discr">Coder</p>
                <div class="member-soc">
                    <div class="soc-img"></div>
                    <div class="soc-img"></div>
                    <div class="soc-img"></div>
                </div>
            </div>

            <div class="team-member">
                <div class="member-img"></div>
                <h2 class="member-name">Uku Mason</h2>
                <p class="member-discr">Graphic Designer</p>
                <div class="member-soc">
                    <div class="soc-img"></div>
                    <div class="soc-img"></div>
                </div>
            </div>

            <p class="our-team-discr">Proin iaculis purus consequat sem cure  digni ssim donec porttitora entum suscipit aenean rhoncus posuere odio in tincidunt proin iaculis.</p>

        </div>
    </div>

    <div class="partners">
        <div class="partners-content">
            <div class="partner-img"></div>
            <div class="partner-img"></div>
            <div class="partner-img"></div>
            <div class="partner-img"></div>
        </div>
    </div>

    <div class="contact-us">

    </div>

</main>

<footer class="footer">

</footer>

</body>

</html>
